---
source: core/src/context/world_state/multi_agent_mode_tests.rs
expression: "render_section_cases(&[(Absent, Absent), (Absent, Known(&inactive)),\n(Absent, Known(&explicit)), (Known(&explicit), Known(&explicit)),\n(Known(&explicit), Known(&proactive)), (Known(&proactive), Known(&inactive)),\n(Known(&explicit), Known(&inactive)), (Known(&explicit), Known(&custom)),\n(Known(&custom), Known(&empty)), (Unknown, Known(&explicit)),\n(Unknown, Known(&inactive)),])"
---
Absent -> Absent
None

Absent -> {}
None

Absent -> {"mode":"explicitRequestOnly"} (role - developer)
<multi_agent_mode>Proactive-delegation guidance replaced. Agent spawning only on explicit request from the user or applicable AGENTS.md or skill instructions</multi_agent_mode>

{"mode":"explicitRequestOnly"} -> {"mode":"explicitRequestOnly"}
None

{"mode":"explicitRequestOnly"} -> {"mode":"proactive"} (role - developer)
<multi_agent_mode>Explicit-request-only guidance replaced until a developer mode change. Parallel delegation when faster or higher quality. User requests override this hint</multi_agent_mode>

{"mode":"proactive"} -> {} (role - developer)
<multi_agent_mode>Proactive-delegation guidance replaced. Agent spawning only on explicit request from the user or applicable AGENTS.md or skill instructions</multi_agent_mode>

{"mode":"explicitRequestOnly"} -> {}
None

{"mode":"explicitRequestOnly"} -> {"mode":{"custom":"use a custom policy"}} (role - developer)
<multi_agent_mode>use a custom policy</multi_agent_mode>

{"mode":{"custom":"use a custom policy"}} -> {"mode":{"custom":""}}
None

Unknown -> {"mode":"explicitRequestOnly"} (role - developer)
<multi_agent_mode>Proactive-delegation guidance replaced. Agent spawning only on explicit request from the user or applicable AGENTS.md or skill instructions</multi_agent_mode>

Unknown -> {} (role - developer)
<multi_agent_mode>Proactive-delegation guidance replaced. Agent spawning only on explicit request from the user or applicable AGENTS.md or skill instructions</multi_agent_mode>
