---
source: core/src/context/world_state/environments_instructions_tests.rs
expression: "render_section_cases(&[(Absent, Absent), (Absent, Known(&disabled)),\n(Absent, Known(&enabled)), (Known(&disabled), Known(&enabled)),\n(Known(&enabled), Known(&enabled)), (Known(&enabled), Known(&disabled)),\n(Unknown, Known(&disabled)), (Unknown, Known(&enabled)),])"
---
Absent -> Absent
None

Absent -> false
None

Absent -> true (role - developer)
<environments_instructions>
## Execution environments
Separate machines or workspaces, each with its own files, shell, and installed capabilities. Task selection: `<environment_context>`

`starting`: not yet usable. Files, commands, AGENTS.md instructions, skills, plugins, and MCP tools may become available after startup

Wait only for environments needed by the current task. Available tools for unrelated work meanwhile
</environments_instructions>

false -> true (role - developer)
<environments_instructions>
## Execution environments
Separate machines or workspaces, each with its own files, shell, and installed capabilities. Task selection: `<environment_context>`

`starting`: not yet usable. Files, commands, AGENTS.md instructions, skills, plugins, and MCP tools may become available after startup

Wait only for environments needed by the current task. Available tools for unrelated work meanwhile
</environments_instructions>

true -> true
None

true -> false
None

Unknown -> false
None

Unknown -> true
None
