---
source: core/src/context/world_state/plugins_instructions_tests.rs
expression: "render_section_cases(&[(Absent, Absent), (Absent, Known(&unavailable)),\n(Absent, Known(&available)), (Known(&unavailable), Known(&available)),\n(Known(&available), Known(&available)),\n(Known(&available), Known(&unavailable)), (Unknown, Known(&unavailable)),\n(Unknown, Known(&available)),])"
---
Absent -> Absent
None

Absent -> false
None

Absent -> true (role - developer)
<plugins_instructions>
No direct plugin calls. Exposed skills, MCP tools, and apps only. Named plugin's capabilities preferred when relevant. Unavailable: report and use an available alternative. Plugin skills: `plugin_name:` prefix. Plugin tools: MCP provenance
</plugins_instructions>

false -> true (role - developer)
<plugins_instructions>
No direct plugin calls. Exposed skills, MCP tools, and apps only. Named plugin's capabilities preferred when relevant. Unavailable: report and use an available alternative. Plugin skills: `plugin_name:` prefix. Plugin tools: MCP provenance
</plugins_instructions>

true -> true
None

true -> false
None

Unknown -> false
None

Unknown -> true
None
