---
source: core/src/context/world_state/apps_instructions_tests.rs
expression: "render_section_cases(&[(Absent, Absent), (Absent, Known(&unavailable)),\n(Absent, Known(&available)), (Known(&unavailable), Known(&available)),\n(Known(&available), Known(&available)),\n(Known(&available), Known(&unavailable)), (Unknown, Known(&unavailable)),\n(Unknown, Known(&available)),])"
---
Absent -> Absent
None

Absent -> false
None

Absent -> true (role - developer)
<apps_instructions>
Apps use `codex_apps` tools. A user can select an app with `[$app-name](app://{connector_id})`. Otherwise use relevant available apps. Discover unloaded tools with `tool_search` when available. Do not call `list_mcp_resources` or `list_mcp_resource_templates` for apps.
</apps_instructions>

false -> true (role - developer)
<apps_instructions>
Apps use `codex_apps` tools. A user can select an app with `[$app-name](app://{connector_id})`. Otherwise use relevant available apps. Discover unloaded tools with `tool_search` when available. Do not call `list_mcp_resources` or `list_mcp_resource_templates` for apps.
</apps_instructions>

true -> true
None

true -> false
None

Unknown -> false
None

Unknown -> true
None
