---
source: core/tests/suite/scenarios_mxc.rs
expression: "context_snapshot::format_request_history_snapshot(\"Resolved local MXC selection preserves workspace-write permissions in a real agent turn.\",\n&mock.requests(), &ContextSnapshotOptions::default(),)"
---
Scenario: Resolved local MXC selection preserves workspace-write permissions in a real agent turn.

## Window 1
-- request 1 (turn) --
00:message/developer:
    <permissions instructions>
    `sandbox_mode`: `workspace-write`. Read files and edit within `cwd` and `writable_roots`. Other writes require approval. Network access: restricted.
    Approval policy: `on-request`. Request needed access through the command's approval parameters, not a se..."` with a short approval question in `justification`. [hash=5cbb0c5f48f43c11]

    Request only needed access. Obtain approval before destructive actions the user did not authorize. Do not bypass approvals through other tools.

    Use `prefix_rule` for a narrowly scoped reusable capability, not usually the whole command. Never sugges...x for destructive commands, heredocs, or herestrings. [hash=489adb7c8e81177d]

    Shell control operators split commands into independently evaluated segments. An approved prefix does no...mand. Complex shell syntax may prevent rule matching. [hash=9a8799913b6e8df5]
     The writable root is `<WORKSPACE_ROOT 1>`.
    </permissions instructions>
01:message/user:
    <environment_context>
      <cwd><CWD></cwd>
      <shell><HOST_SHELL></shell>
      <current_date><CURRENT_DATE></current_date>
      <timezone><HOST_TIMEZONE></timezone>
      <filesystem><workspace_roots><root><WORKSPACE_ROOT 1></root></workspace_roots><permission_profile type...ntry></file_system></permission_profile></filesystem> [hash=e9b73aecc0d54647]
    </environment_context>
02:message/user:
    Inspect the sandbox.
