---
source: core/tests/suite/scenarios.rs
expression: "context_snapshot::format_request_history_snapshot(\"Code Mode exposes explicit MCP schema limits in its prompt and runtime tool catalog.\",\n&requests,\n&ContextSnapshotOptions::default().rewrite_known_segments().include_request_settings(),)"
---
Scenario: Code Mode exposes explicit MCP schema limits in its prompt and runtime tool catalog.

## Window 1
Settings:
  include: ["reasoning.encrypted_content"]
  instructions: <MODEL_INSTRUCTIONS>
  model: "gpt-5.4"
  parallel_tool_calls: true
  prompt_cache_key: "<PROMPT_CACHE_KEY 1>"
  reasoning: {"effort":"medium"}
  store: false
  stream: true
  text: {"verbosity":"low"}
  tool_choice: "auto"
  tools (4; hash=a71dfdc163eed0f0):
    - custom/exec: Run fresh restricted JavaScript to compose tools. Source only, no JSON or fences. No console, imp...; hash=04b9ce56fca923df
    - function/wait: Resume or terminate a yielded exec cell. Returns new output or completion, closing finished cells...; args=[cell_id, max_tokens, terminate, yield_time_ms]; hash=223c109693f9afac
    - function/request_user_input: Ask the user and wait for answers. Available only in Plan mode.; args=[questions]; hash=be451617efc003d1
    - web_search; hash=e214d4db1bc49e89
-- request 1 (turn) --
00:message/developer:
    <PERMISSIONS_INSTRUCTIONS>
01:message/user:
    <ENVIRONMENT_CONTEXT>
02:message/user:
    inspect the search tool declarations
-- request 2 (turn) --
03:custom_tool_call/exec:
    const results = ["default_schema", "expanded_schema"].map(server => {
      const description = ALL_TOOLS.find(({name}) => name === `mcp__${server}__search`)?.description ?? "";
      const [declaration, schema] = description.split("\\n\\nInput schema: ");
      return [declaration.includes("budget_description_marker"), declaration.includes("query: string;"), schema.includes("budget_description_marker")];
    });
    const shared = ALL_TOOLS.find(({name}) => name === "mcp__default_schema__shared")?.description ?? "";
    const [sharedDeclaration, sharedSchema] = shared.split("\\n\\nInput schema: ");
    results.push([sharedDeclaration.includes("code_mode_description_marker"), sharedDeclaration.includes("te...redSchema.includes("code_mode_description_marker")]); [hash=cd158dada91d48e9]
    text(JSON.stringify(results));
04:custom_tool_call_output:Script completed
    Wall time <DURATION> seconds
    Output:
     | [[false,true,false],[true,true,true],[true,true,true]]
