---
source: core/tests/suite/scenarios.rs
expression: "context_snapshot::format_request_history_snapshot(\"Astra plans a kickoff with local and plugin skills, remotely compacts, and checks an image brief.\",\n&requests, &ContextSnapshotOptions::default().include_request_settings(),)"
---
Scenario: Astra plans a kickoff with local and plugin skills, remotely compacts, and checks an image brief.

## Window 1
Settings:
  include: ["reasoning.encrypted_content"]
  model: "gpt-6-astra"
  parallel_tool_calls: false
  prompt_cache_key: "<PROMPT_CACHE_KEY 1>"
  reasoning: {"context":"all_turns","effort":"low"}
  store: false
  stream: true
  text: {"verbosity":"low"}
  tool_choice: "auto"
-- request 1 (turn) --
00:additional_tools/developer (3; hash=f37a97a52f34d89b):
        - namespace/functions; hash=ba5f9dafe877a484
          - custom/exec
          - function/wait
          - function/request_user_input
          - function/request_user_input_async
        - namespace/clock: Tools for reading and waiting on time.; hash=f402e8c5e9b5e317
          - function/sleep
        - namespace/collaboration: Spawn and manage sub-agents; hash=6ac286b53d23d5dc
          - function/followup_task
          - function/interrupt_agent
          - function/list_agents
          - function/send_message
          - function/spawn_agent
          - function/wait_agent
01:message/developer:
    Finish the requested work. Ask only when missing information changes what you should do.

    Follow applicable AGENTS.md instructions. Ancestor instructions already supplied need not be reread. Check for nested instructions where you work.

    Preserve unrelated uncommitted changes. Do not run destructive Git commands without explicit approval.

    Respect the active sandbox and approval policy. Do not bypass restrictions or repackage rejected commands.

02:message/developer[3]:
    [01] Skills: List once at session start; read always-applicable and task-relevant skills before work
    [02] <permissions instructions>
        `sandbox_mode`: `read-only`. Read files only. Network access: restricted.
        Approval policy: `on-request`. Request needed access through the command's approval parameters, not a se..."` with a short approval question in `justification`. [hash=5cbb0c5f48f43c11]

        Request only needed access. Obtain approval before destructive actions the user did not authorize. Do not bypass approvals through other tools.

        Use `prefix_rule` for a narrowly scoped reusable capability, not usually the whole command. Never sugges...x for destructive commands, heredocs, or herestrings. [hash=489adb7c8e81177d]

        Shell control operators split commands into independently evaluated segments. An approved prefix does no...mand. Complex shell syntax may prevent rule matching. [hash=9a8799913b6e8df5]
        </permissions instructions>
    [03] <collaboration_mode>Execute the request. This replaces prior collaboration-mode instructions. Only a developer `<collaboration_mode>` message changes mode.

        Use `request_user_input`, when available, only for optional questions that materially improve the work, ...xt question when required input blocks safe progress. [hash=6eb65f08c6f6a28e]
        </collaboration_mode>
03:message/developer:
    <multi_agent_role>You are `/root`. Own the result and coordinate delegated work. Agent messages arrive i...thout starting a turn. `followup_task` starts a turn. [hash=de31451d7dbc42b3]
    Call collaboration tools directly, not inside `functions.exec`. Agents share the filesystem and working ...ctory. Coordinate edits and preserve others' changes. [hash=65cb900ff14c98ef]
    Prefer waits of minutes with `wait_agent` to busy polling.

    At most 4 agents may be active, including you.

    Set `model` or `reasoning_effort` only when explicitly requested by the user, AGENTS.md, or skills. Over...its the parent's model and effort.</multi_agent_role> [hash=3aa079c4e0d6f001]
04:message/developer:
    <multi_agent_mode>This replaces proactive-delegation guidance. Spawn agents only when explicitly request...e AGENTS.md or skill instructions.</multi_agent_mode> [hash=72a2fd98b66d3a10]
05:message/user[2]:
    [01] # AGENTS.md instructions for <AGENTS_DIRECTORY>

        <INSTRUCTIONS>
        Kickoff updates must name an owner and a date.
        </INSTRUCTIONS>
    [02] <environment_context>
          <cwd><CWD></cwd>
          <shell><HOST_SHELL></shell>
          <current_date><CURRENT_DATE></current_date>
          <timezone><HOST_TIMEZONE></timezone>
          <filesystem><workspace_roots><root><WORKSPACE_ROOT 1></root></workspace_roots><permission_profile type...ntry></file_system></permission_profile></filesystem> [hash=911722cc43b4c3b8]
        </environment_context>
06:message/user:
    Plan a team kickoff for Friday using $outline and $calendar:agenda.
07:message/user:
    <skill>
    <name>outline</name>
    <path><SKILLS_ROOT>/outline/SKILL.md</path>
    ---
    name: outline
    description: Draft a project outline
    ---

    List the goals and owners.

    </skill>
08:message/user:
    <skill>
    <name>calendar:agenda</name>
    <path><PLUGINS_CACHE>/test/calendar/local/skills/agenda/SKILL.md</path>
    ---
    name: agenda
    description: Plan a team agenda
    ---

    List meetings with dates and attendees.

    </skill>
09:message/developer:
    Capabilities from the `calendar` plugin:
    - Skills from this plugin are prefixed with `calendar:`.
-- request 2 (turn) --
10:message/assistant:
    Agenda drafted for the kickoff.
11:message/user:
    Summarize the kickoff notes with $notes:summarize.
12:message/user:
    <skill>
    <name>notes:summarize</name>
    <path><PLUGINS_CACHE>/test/notes/local/skills/summarize/SKILL.md</path>
    ---
    name: summarize
    description: Summarize team notes
    ---

    Extract decisions and action items.

    </skill>
13:message/developer:
    Capabilities from the `notes` plugin:
    - Skills from this plugin are prefixed with `notes:`.
-- request 3 (compaction) --
14:message/assistant:
    The team chose Friday and assigned owners.
15:compaction_trigger

## Window 2 (after request 3: input diverged at item 02)
Settings: same as window 1
-- request 4 (turn) --
00:additional_tools/developer (3; hash=f37a97a52f34d89b):
        - namespace/functions; hash=ba5f9dafe877a484
          - custom/exec
          - function/wait
          - function/request_user_input
          - function/request_user_input_async
        - namespace/clock: Tools for reading and waiting on time.; hash=f402e8c5e9b5e317
          - function/sleep
        - namespace/collaboration: Spawn and manage sub-agents; hash=6ac286b53d23d5dc
          - function/followup_task
          - function/interrupt_agent
          - function/list_agents
          - function/send_message
          - function/spawn_agent
          - function/wait_agent
01:message/developer:
    Finish the requested work. Ask only when missing information changes what you should do.

    Follow applicable AGENTS.md instructions. Ancestor instructions already supplied need not be reread. Check for nested instructions where you work.

    Preserve unrelated uncommitted changes. Do not run destructive Git commands without explicit approval.

    Respect the active sandbox and approval policy. Do not bypass restrictions or repackage rejected commands.

02:message/user:
    Plan a team kickoff for Friday using $outline and $calendar:agenda.
03:message/user:
    Summarize the kickoff notes with $notes:summarize.
04:compaction:encrypted=true; chars=26; hash=ec5e2724e6f5f641
05:message/developer[3]:
    [01] Skills: List once at session start; read always-applicable and task-relevant skills before work
    [02] <permissions instructions>
        `sandbox_mode`: `read-only`. Read files only. Network access: restricted.
        Approval policy: `on-request`. Request needed access through the command's approval parameters, not a se..."` with a short approval question in `justification`. [hash=5cbb0c5f48f43c11]

        Request only needed access. Obtain approval before destructive actions the user did not authorize. Do not bypass approvals through other tools.

        Use `prefix_rule` for a narrowly scoped reusable capability, not usually the whole command. Never sugges...x for destructive commands, heredocs, or herestrings. [hash=489adb7c8e81177d]

        Shell control operators split commands into independently evaluated segments. An approved prefix does no...mand. Complex shell syntax may prevent rule matching. [hash=9a8799913b6e8df5]
        </permissions instructions>
    [03] <collaboration_mode>Execute the request. This replaces prior collaboration-mode instructions. Only a developer `<collaboration_mode>` message changes mode.

        Use `request_user_input`, when available, only for optional questions that materially improve the work, ...xt question when required input blocks safe progress. [hash=6eb65f08c6f6a28e]
        </collaboration_mode>
06:message/developer:
    <multi_agent_role>You are `/root`. Own the result and coordinate delegated work. Agent messages arrive i...thout starting a turn. `followup_task` starts a turn. [hash=de31451d7dbc42b3]
    Call collaboration tools directly, not inside `functions.exec`. Agents share the filesystem and working ...ctory. Coordinate edits and preserve others' changes. [hash=65cb900ff14c98ef]
    Prefer waits of minutes with `wait_agent` to busy polling.

    At most 4 agents may be active, including you.

    Set `model` or `reasoning_effort` only when explicitly requested by the user, AGENTS.md, or skills. Over...its the parent's model and effort.</multi_agent_role> [hash=3aa079c4e0d6f001]
07:message/developer:
    <multi_agent_mode>This replaces proactive-delegation guidance. Spawn agents only when explicitly request...e AGENTS.md or skill instructions.</multi_agent_mode> [hash=72a2fd98b66d3a10]
08:message/user[2]:
    [01] # AGENTS.md instructions for <AGENTS_DIRECTORY>

        <INSTRUCTIONS>
        Kickoff updates must name an owner and a date.
        </INSTRUCTIONS>
    [02] <environment_context>
          <cwd><CWD></cwd>
          <shell><HOST_SHELL></shell>
          <current_date><CURRENT_DATE></current_date>
          <timezone><HOST_TIMEZONE></timezone>
          <filesystem><workspace_roots><root><WORKSPACE_ROOT 1></root></workspace_roots><permission_profile type...ntry></file_system></permission_profile></filesystem> [hash=911722cc43b4c3b8]
        </environment_context>
09:message/user[2]:
    [01] Check the final kickoff brief and attached sketch with $final-check and $calendar:agenda.
    [02] <input_image:image_url>
10:message/user:
    <skill>
    <name>final-check</name>
    <path><SKILLS_ROOT>/final-check/SKILL.md</path>
    ---
    name: final-check
    description: Review a final brief
    ---

    Check that the brief has an owner for every action.

    </skill>
11:message/user:
    <skill>
    <name>calendar:agenda</name>
    <path><PLUGINS_CACHE>/test/calendar/local/skills/agenda/SKILL.md</path>
    ---
    name: agenda
    description: Plan a team agenda
    ---

    List meetings with dates and attendees.

    </skill>
12:message/developer:
    Capabilities from the `calendar` plugin:
    - Skills from this plugin are prefixed with `calendar:`.
