---
source: core/tests/suite/compact.rs
expression: "format_history_snapshot(\"Real paginated mid-turn compaction and cold resume from the bounded suffix.\",\n&requests,)"
---
Scenario: Real paginated mid-turn compaction and cold resume from the bounded suffix.

## Window 1
-- request 1 (turn) --
00:message/developer[2]:
    [01] <PERMISSIONS_INSTRUCTIONS>
    [02] <COLLABORATION_MODE>
01:message/developer:
    You are `/root`, the primary agent. Own the result and coordinate delegated work. Agent messages arrive ... without starting a turn. `followup_task` starts one. [hash=5effd14f65494b2b]
    Call collaboration tools directly using their declared recipient, not inside `functions.exec`. Agents sh... Coordinate edits and preserve other agents' changes. [hash=4faaf2d94910491f]
    When calling `wait_agent`, prefer longer waits (minutes) to avoid busy polling.

    At most 4 agents may be active, including you.

    Set `model` or `reasoning_effort` only when the user, AGENTS.md, or skill instructions explicitly reques...ed or `"all"` inherits the parent's model and effort. [hash=86b32396de89cd86]
02:message/developer:
    <MULTI_AGENT_MODE>
03:message/user:
    function call limit push

## Window 2 (after request 1: settings changed (parallel_tool_calls, tools))
-- request 2 (compaction) --
00:message/developer[2]:
    [01] <PERMISSIONS_INSTRUCTIONS>
    [02] <COLLABORATION_MODE>
01:message/developer:
    You are `/root`, the primary agent. Own the result and coordinate delegated work. Agent messages arrive ... without starting a turn. `followup_task` starts one. [hash=5effd14f65494b2b]
    Call collaboration tools directly using their declared recipient, not inside `functions.exec`. Agents sh... Coordinate edits and preserve other agents' changes. [hash=4faaf2d94910491f]
    When calling `wait_agent`, prefer longer waits (minutes) to avoid busy polling.

    At most 4 agents may be active, including you.

    Set `model` or `reasoning_effort` only when the user, AGENTS.md, or skill instructions explicitly reques...ed or `"all"` inherits the parent's model and effort. [hash=86b32396de89cd86]
02:message/developer:
    <MULTI_AGENT_MODE>
03:message/user:
    function call limit push
04:function_call/test_tool:{}
05:function_call_output:unsupported call: test_tool
06:message/user:
    <SUMMARIZATION_PROMPT>

## Window 3 (after request 2: input diverged at item 04, settings changed (parallel_tool_calls, tools))
-- request 3 (turn) --
00:message/developer[2]:
    [01] <PERMISSIONS_INSTRUCTIONS>
    [02] <COLLABORATION_MODE>
01:message/developer:
    You are `/root`, the primary agent. Own the result and coordinate delegated work. Agent messages arrive ... without starting a turn. `followup_task` starts one. [hash=5effd14f65494b2b]
    Call collaboration tools directly using their declared recipient, not inside `functions.exec`. Agents sh... Coordinate edits and preserve other agents' changes. [hash=4faaf2d94910491f]
    When calling `wait_agent`, prefer longer waits (minutes) to avoid busy polling.

    At most 4 agents may be active, including you.

    Set `model` or `reasoning_effort` only when the user, AGENTS.md, or skill instructions explicitly reques...ed or `"all"` inherits the parent's model and effort. [hash=86b32396de89cd86]
02:message/developer:
    <MULTI_AGENT_MODE>
03:message/user:
    function call limit push
04:message/user:
    <COMPACTION_SUMMARY>
    AUTO_SUMMARY
-- request 4 (turn) --
05:message/assistant:
    continued
06:message/user:
    continue after cold resume
