---
source: core/tests/suite/scenarios_agent_message_board_remote.rs
expression: "context_snapshot::format_context_snapshot(\"Remote board tools and active-turn notifications share the existing session identity.\",\n&bodies.iter().map(SnapshotEntry::body).collect::<Vec<_>>(),\n&ContextSnapshotOptions::default().rewrite_known_segments(),)"
---
Scenario: Remote board tools and active-turn notifications share the existing session identity.

## Window 1
-- request 1 (request) --
00:message/user:
    This turn will be interrupted during notification setup.
01:message/developer:
    <turn_aborted>
    The previous turn was interrupted on purpose. Any running unified exec processes may still be running in...mands were aborted, they may have partially executed. [hash=cee256d92b55ad65]
    </turn_aborted>
02:message/developer:
    <PERMISSIONS_INSTRUCTIONS>
03:message/developer:
    You are `/root`, the primary agent. Own the result and coordinate delegated work. Agent messages arrive ... without starting a turn. `followup_task` starts one. [hash=5effd14f65494b2b]
    Call collaboration tools directly using their declared recipient, not inside `functions.exec`. Agents sh... Coordinate edits and preserve other agents' changes. [hash=4faaf2d94910491f]
    When calling `wait_agent`, prefer longer waits (minutes) to avoid busy polling.

    At most 4 agents may be active, including you.

    Set `model` or `reasoning_effort` only when the user, AGENTS.md, or skill instructions explicitly reques...ed or `"all"` inherits the parent's model and effort. [hash=86b32396de89cd86]
04:message/developer:
    <MULTI_AGENT_MODE>
05:message/user:
    <ENVIRONMENT_CONTEXT>
06:message/user:
    Post the remote decision.
-- request 2 (request) --
07:function_call/collaboration.post:{"new_channel_name":"design","text":"A remote decision."}
08:function_call/collaboration.wait_agent:{}
09:function_call_output:{"author":"/root","channel_name":"design","created_at":"2026-09-18T12:00:00Z","message_id":"<UUID 1>","thread_id":"<UUID 1>"}
10:function_call_output:{"message":"Wait completed.","timed_out":false}
11:agent_message
