---
source: core/tests/suite/scenarios.rs
expression: "context_snapshot::format_request_history_snapshot(\"Astra calls list_agents using the selected catalog parameter schema.\",\n&mock.requests(),\n&ContextSnapshotOptions::default().include_request_settings(),)"
---
Scenario: Astra calls list_agents using the selected catalog parameter schema.

## Window 1
Settings:
  include: ["reasoning.encrypted_content"]
  model: "gpt-6-astra"
  parallel_tool_calls: false
  prompt_cache_key: "<PROMPT_CACHE_KEY 1>"
  reasoning: {"context":"all_turns","effort":"low"}
  store: false
  stream: true
  text: {"verbosity":"low"}
  tool_choice: "auto"
-- request 1 (turn) --
00:additional_tools/developer (3; hash=759e4aa59c2a5899):
        - namespace/functions; hash=c5eb39573d559934
          - custom/exec
          - function/wait
          - function/request_user_input
          - function/request_user_input_async
        - namespace/clock: Tools for reading and waiting on time.; hash=f402e8c5e9b5e317
          - function/sleep
        - namespace/collaboration: Spawn and manage sub-agents; hash=dcd605e290f6450c
          - function/followup_task
          - function/interrupt_agent
          - function/list_agents
          - function/send_message
          - function/spawn_agent
          - function/wait_agent
01:message/developer:
    Finish the requested work. Ask only when missing information changes what you should do.

    Follow applicable AGENTS.md instructions. Ancestor instructions already supplied need not be reread. Check for nested instructions where you work.

    Preserve unrelated uncommitted changes. Do not run destructive Git commands without explicit approval.

    Respect the active sandbox and approval policy. Do not bypass restrictions or repackage rejected commands.

02:message/developer[2]:
    [01] <permissions instructions>
        `sandbox_mode`: `danger-full-access`. No filesystem sandbox. Network access: enabled.
        Approval policy: `never`. Do not set `sandbox_permissions`.
        </permissions instructions>
    [02] <collaboration_mode>Execute the request. This replaces prior collaboration-mode instructions. Only a developer `<collaboration_mode>` message changes mode.

        Use `request_user_input`, when available, only for optional questions that materially improve the work, ...xt question when required input blocks safe progress. [hash=6eb65f08c6f6a28e]
        </collaboration_mode>
03:message/developer:
    <multi_agent_role>You are `/root`. Own the result and coordinate delegated work. Agent messages arrive i...thout starting a turn. `followup_task` starts a turn. [hash=de31451d7dbc42b3]
    Call collaboration tools directly, not inside `functions.exec`. Agents share the filesystem and working ...ctory. Coordinate edits and preserve others' changes. [hash=65cb900ff14c98ef]
    Prefer waits of minutes with `wait_agent` to busy polling.

    At most 4 agents may be active, including you.

    Set `model` or `reasoning_effort` only when explicitly requested by the user, AGENTS.md, or skills. Over...its the parent's model and effort.</multi_agent_role> [hash=3aa079c4e0d6f001]
04:message/developer:
    <multi_agent_mode>This replaces proactive-delegation guidance. Spawn agents only when explicitly request...e AGENTS.md or skill instructions.</multi_agent_mode> [hash=72a2fd98b66d3a10]
05:message/user:
    <environment_context>
      <cwd><CWD></cwd>
      <shell><HOST_SHELL></shell>
      <current_date><CURRENT_DATE></current_date>
      <timezone><HOST_TIMEZONE></timezone>
      <filesystem><workspace_roots><root><CWD></root></workspace_roots><permission_profile type="disabled"><...e="unrestricted" /></permission_profile></filesystem> [hash=d40b2f45cb028888]
    </environment_context>
06:message/user:
    Check which agents are working under /root before delegating more work.
-- request 2 (turn) --
07:function_call/collaboration.list_agents:{"path_prefix":"/root"}
08:function_call_output:{"agents":[{"agent_name":"/root","agent_status":"running"}]}
