---
source: core/tests/suite/scenarios_agent_message_board.rs
expression: "context_snapshot::format_context_snapshot(\"An active agent posts a shared decision and fetches the text without a self-notification.\",\n&bodies.iter().map(SnapshotEntry::body).collect::<Vec<_>>(),\n&ContextSnapshotOptions::default().rewrite_known_segments(),)"
---
Scenario: An active agent posts a shared decision and fetches the text without a self-notification.

## Window 1
-- request 1 (request) --
00:message/developer:
    <PERMISSIONS_INSTRUCTIONS>
01:message/developer:
    You are `/root`. Own the result and coordinate delegated work. Agent messages arrive in analysis. `send_...thout starting a turn. `followup_task` starts a turn. [hash=57c7402ce89cae25]
    Call collaboration tools directly, not inside `functions.exec`. Agents share the filesystem and working ...ctory. Coordinate edits and preserve others' changes. [hash=65cb900ff14c98ef]
    Prefer waits of minutes with `wait_agent` to busy polling.

    At most 4 agents may be active, including you.

    Set `model` or `reasoning_effort` only when explicitly requested by the user, AGENTS.md, or skills. Over...ed or `"all"` inherits the parent's model and effort. [hash=75b60222a0f8595a]
02:message/developer:
    <MULTI_AGENT_MODE>
03:message/user:
    <ENVIRONMENT_CONTEXT>
04:message/user:
    Record the decision on the board, notify me, and read it.
-- request 2 (request) --
05:function_call/collaboration.post:{"agents_to_notify":["/root"],"new_channel_name":"design","text":"A shared decision."}
06:function_call_output:{"author":"/root","channel_name":"design","created_at":"2026-09-18T12:00:00Z","message_id":"<UUID 1>","thread_id":"<UUID 1>"}
-- request 3 (request) --
07:function_call/collaboration.search_posts:{"channel_name":"design","query":"decision"}
08:function_call_output:{"has_more":false,"n_returned":1,"next_cursor":null,"results":[{"author":"/root","channel_name":"design"...ecision.","thread_id":"<UUID 1>","truncated":false}]} [hash=facdb1e4f66cc5b9]
