---
source: core/tests/suite/scenarios_skill_catalog_dedup.rs
expression: "context_snapshot::format_request_history_snapshot(\"Native skills lists prefer cloud duplicates while retaining unique executor skills; name reads route to cloud instructions across turns.\",\n&requests, &ContextSnapshotOptions::default().include_request_settings(),)"
---
Scenario: Native skills lists prefer cloud duplicates while retaining unique executor skills; name reads route to cloud instructions across turns.

## Window 1
Settings:
  include: ["reasoning.encrypted_content"]
  model: "gpt-6-astra"
  parallel_tool_calls: false
  prompt_cache_key: "<PROMPT_CACHE_KEY 1>"
  reasoning: {"context":"all_turns","effort":"low"}
  store: false
  stream: true
  text: {"verbosity":"low"}
  tool_choice: "auto"
-- request 1 (turn) --
00:additional_tools/developer (3; hash=f37a97a52f34d89b):
        - namespace/functions; hash=ba5f9dafe877a484
          - custom/exec
          - function/wait
          - function/request_user_input
          - function/request_user_input_async
        - namespace/clock: Tools for reading and waiting on time.; hash=f402e8c5e9b5e317
          - function/sleep
        - namespace/collaboration: Spawn and manage sub-agents; hash=6ac286b53d23d5dc
          - function/followup_task
          - function/interrupt_agent
          - function/list_agents
          - function/send_message
          - function/spawn_agent
          - function/wait_agent
01:message/developer:
    Finish the requested work. Ask only when missing information changes what you should do.

    Follow applicable AGENTS.md instructions. Ancestor instructions already supplied need not be reread. Check for nested instructions where you work.

    Preserve unrelated uncommitted changes. Do not run destructive Git commands without explicit approval.

    Respect the active sandbox and approval policy. Do not bypass restrictions or repackage rejected commands.

02:message/developer[3]:
    [01] Skills: List once at session start; read always-applicable and task-relevant skills before work
    [02] <permissions instructions>
        `sandbox_mode`: `read-only`. Read files only. Network access: restricted.
        Approval policy: `never`. Do not set `sandbox_permissions`.
        </permissions instructions>
    [03] <collaboration_mode>Execute the request. This replaces prior collaboration-mode instructions. Only a developer `<collaboration_mode>` message changes mode.

        Use `request_user_input`, when available, only for optional questions that materially improve the work, ...xt question when required input blocks safe progress. [hash=6eb65f08c6f6a28e]
        </collaboration_mode>
03:message/developer:
    <multi_agent_role>You are `/root`. Own the result and coordinate delegated work. Agent messages arrive i...thout starting a turn. `followup_task` starts a turn. [hash=de31451d7dbc42b3]
    Call collaboration tools directly, not inside `functions.exec`. Agents share the filesystem and working ...ctory. Coordinate edits and preserve others' changes. [hash=65cb900ff14c98ef]
    Prefer waits of minutes with `wait_agent` to busy polling.

    At most 4 agents may be active, including you.

    Set `model` or `reasoning_effort` only when explicitly requested by the user, AGENTS.md, or skills. Over...its the parent's model and effort.</multi_agent_role> [hash=3aa079c4e0d6f001]
04:message/developer:
    <multi_agent_mode>This replaces proactive-delegation guidance. Spawn agents only when explicitly request...e AGENTS.md or skill instructions.</multi_agent_mode> [hash=72a2fd98b66d3a10]
05:message/user:
    <environment_context>
      <cwd><CWD></cwd>
      <shell><HOST_SHELL></shell>
      <current_date><CURRENT_DATE></current_date>
      <timezone><HOST_TIMEZONE></timezone>
      <filesystem><workspace_roots><root><CWD></root></workspace_roots><permission_profile type="managed"><f...ntry></file_system></permission_profile></filesystem> [hash=e8c1de60307d0a3d]
    </environment_context>
06:message/user:
    Which skills are available?
-- request 2 (turn) --
07:custom_tool_call/skills:list
08:custom_tool_call/skills:read demo:s0
09:custom_tool_call_output:- demo:s0: Cloud skill instructions.
    - demo:s1: Cloud skill instructions.
    - demo:s2: Cloud skill instructions.
    - other:s0: Executor skill instructions.
    - other:s1: Executor skill instructions.
    - other:s2: Executor skill instructions.
10:custom_tool_call_output:Cloud instructions for demo:s0.

    ---
    Package: skill://cloud/s0
    Source: skill://cloud/s0/SKILL.md
-- request 3 (turn) --
11:message/assistant:
    Skills are available.
12:message/user:
    Are those same skills still available?
-- request 4 (turn) --
13:custom_tool_call/skills:list
14:custom_tool_call/skills:read demo:s0
15:custom_tool_call_output:- demo:s0: Cloud skill instructions.
    - demo:s1: Cloud skill instructions.
    - demo:s2: Cloud skill instructions.
    - other:s0: Executor skill instructions.
    - other:s1: Executor skill instructions.
    - other:s2: Executor skill instructions.
16:custom_tool_call_output:Cloud instructions for demo:s0.

    ---
    Package: skill://cloud/s0
    Source: skill://cloud/s0/SKILL.md
