---
source: core/tests/suite/scenarios.rs
expression: snapshot
---
Scenario: Astra continues after new user input yields a running code cell, then waits for its result.

## Window 1
-- request 1 (turn) --
00:additional_tools/developer (3; hash=1bc3e607c455a514):
        - namespace/functions; hash=3b19b4b58010b9bb
          - custom/exec
          - function/wait
          - function/request_user_input
          - function/request_user_input_async
        - namespace/clock: Tools for reading and waiting on time.; hash=f402e8c5e9b5e317
          - function/sleep
        - namespace/collaboration: Spawn and manage sub-agents; hash=6ac286b53d23d5dc
          - function/followup_task
          - function/interrupt_agent
          - function/list_agents
          - function/send_message
          - function/spawn_agent
          - function/wait_agent
01:message/developer:
    Finish the requested work. Ask only when missing information changes what you should do.

    Follow applicable AGENTS.md instructions. Ancestor instructions already supplied need not be reread. Check for nested instructions where you work.

    Preserve unrelated uncommitted changes. Do not run destructive Git commands without explicit approval.

    Respect the active sandbox and approval policy. Do not bypass restrictions or repackage rejected commands.

02:message/developer[2]:
    [01] <permissions instructions>
        `sandbox_mode`: `read-only`. Read files only. Network access: restricted.
        Approval policy: `on-request`. Request needed access through the command's approval parameters, not a se..."` with a short approval question in `justification`. [hash=5cbb0c5f48f43c11]

        Request only needed access. Obtain approval before destructive actions the user did not authorize. Do not bypass approvals through other tools.

        Use `prefix_rule` for a narrowly scoped reusable capability, not usually the whole command. Never sugges...x for destructive commands, heredocs, or herestrings. [hash=489adb7c8e81177d]

        Shell control operators split commands into independently evaluated segments. An approved prefix does no...mand. Complex shell syntax may prevent rule matching. [hash=9a8799913b6e8df5]
        </permissions instructions>
    [02] <collaboration_mode>Execute the request. This replaces prior collaboration-mode instructions. Only a developer `<collaboration_mode>` message changes mode.

        Use `request_user_input`, when available, only for optional questions that materially improve the work, ...xt question when required input blocks safe progress. [hash=6eb65f08c6f6a28e]
        </collaboration_mode>
03:message/developer:
    <multi_agent_role>You are `/root`. Own the result and coordinate delegated work. Agent messages arrive i...thout starting a turn. `followup_task` starts a turn. [hash=de31451d7dbc42b3]
    Call collaboration tools directly, not inside `functions.exec`. Agents share the filesystem and working ...ctory. Coordinate edits and preserve others' changes. [hash=65cb900ff14c98ef]
    Prefer waits of minutes with `wait_agent` to busy polling.

    At most 4 agents may be active, including you.

    Set `model` or `reasoning_effort` only when explicitly requested by the user, AGENTS.md, or skills. Over...its the parent's model and effort.</multi_agent_role> [hash=3aa079c4e0d6f001]
04:message/developer:
    <multi_agent_mode>This replaces proactive-delegation guidance. Spawn agents only when explicitly request...e AGENTS.md or skill instructions.</multi_agent_mode> [hash=72a2fd98b66d3a10]
05:message/user:
    <environment_context>
      <cwd><CWD></cwd>
      <shell><HOST_SHELL></shell>
      <current_date><CURRENT_DATE></current_date>
      <timezone><HOST_TIMEZONE></timezone>
      <filesystem><workspace_roots><root><CWD></root></workspace_roots><permission_profile type="managed"><f...ntry></file_system></permission_profile></filesystem> [hash=e8c1de60307d0a3d]
    </environment_context>
06:message/user:
    Check the release status.
-- request 2 (turn) --
07:custom_tool_call/exec:// @exec: {"yield_time_ms": 60000}
    text(await tools.check_release({}));
08:custom_tool_call_output:Script running with cell ID <CELL_ID>

09:message/user:
    Please also highlight the customer impact.
-- request 3 (turn) --
10:function_call/functions.wait:{"cell_id":"<CELL_ID>","yield_time_ms":60000}
11:function_call_output:Release ready
