---
source: core/tests/suite/scenarios_mcp_resource_messages.rs
expression: "context_snapshot::format_request_history_snapshot(\"Code Mode keeps resource signatures compact and discovers catalog descriptions and parameter schemas through ALL_TOOLS before the next model request.\",\n&requests, &ContextSnapshotOptions::default().include_request_settings(),)"
---
Scenario: Code Mode keeps resource signatures compact and discovers catalog descriptions and parameter schemas through ALL_TOOLS before the next model request.

## Window 1
Settings:
  include: ["reasoning.encrypted_content"]
  instructions: Finish the requested work. Ask only when missing information changes what you should do.
    
    Follow applicable AGENTS.md instructions. Ancestor instructions already supplied need not be reread. Check for nested instructions where you work.
    
    Preserve unrelated uncommitted changes. Do not run destructive Git commands without explicit approval.
    
    Respect the active sandbox and approval policy. Do not bypass restrictions or repackage rejected commands.
    
  model: "gpt-6-astra"
  parallel_tool_calls: true
  prompt_cache_key: "<PROMPT_CACHE_KEY 1>"
  reasoning: {"effort":"low"}
  store: false
  stream: true
  text: {"verbosity":"low"}
  tool_choice: "auto"
  tools (7; hash=36b760901e25a86d):
    - custom/exec: Run fresh restricted JavaScript to compose tools. Source only, no JSON or fences. No console, imp...; hash=94f396fac9899ae0
    - function/wait: Resume or terminate a yielded exec cell; args=[cell_id, max_tokens, terminate, yield_time_ms]; hash=ad29f2c1fa0aa8e9
    - function/request_user_input: Ask the user and wait for answers. Available only in Plan mode.; args=[questions]; hash=ed786867ce26e7c6
    - function/request_user_input_async: Ask the user one or more questions during ongoing work. Use this tool only to request missing inf...; args=[questions]; hash=d6d74f33db330162
    - namespace/clock: Tools for reading and waiting on time.; hash=f402e8c5e9b5e317
      - function/sleep
    - namespace/collaboration: Spawn and manage sub-agents; hash=6ac286b53d23d5dc
      - function/followup_task
      - function/interrupt_agent
      - function/list_agents
      - function/send_message
      - function/spawn_agent
      - function/wait_agent
    - web_search; hash=e214d4db1bc49e89
-- request 1 (turn) --
00:message/developer[2]:
    [01] <permissions instructions>
        `sandbox_mode`: `danger-full-access`. No filesystem sandbox. Network access: enabled.
        Approval policy: `never`. Do not set `sandbox_permissions`.
        </permissions instructions>
    [02] <collaboration_mode>Execute the request. This replaces prior collaboration-mode instructions. Only a developer `<collaboration_mode>` message changes mode.

        Use `request_user_input`, when available, only for optional questions that materially improve the work, ...xt question when required input blocks safe progress. [hash=6eb65f08c6f6a28e]
        </collaboration_mode>
01:message/developer:
    <multi_agent_role>You are `/root`. Own the result and coordinate delegated work. Agent messages arrive i...thout starting a turn. `followup_task` starts a turn. [hash=de31451d7dbc42b3]
    Call collaboration tools directly, not inside `functions.exec`. Agents share the filesystem and working ...ctory. Coordinate edits and preserve others' changes. [hash=65cb900ff14c98ef]
    Prefer waits of minutes with `wait_agent` to busy polling.

    At most 4 agents may be active, including you.

    Set `model` or `reasoning_effort` only when explicitly requested by the user, AGENTS.md, or skills. Over...its the parent's model and effort.</multi_agent_role> [hash=3aa079c4e0d6f001]
02:message/developer:
    <multi_agent_mode>This replaces proactive-delegation guidance. Spawn agents only when explicitly request...e AGENTS.md or skill instructions.</multi_agent_mode> [hash=72a2fd98b66d3a10]
03:message/user:
    <environment_context>
      <cwd><CWD></cwd>
      <shell><HOST_SHELL></shell>
      <current_date><CURRENT_DATE></current_date>
      <timezone><HOST_TIMEZONE></timezone>
      <filesystem><workspace_roots><root><WORKSPACE_ROOT 1></root></workspace_roots><permission_profile type...e="unrestricted" /></permission_profile></filesystem> [hash=0592734c170299c1]
    </environment_context>
04:message/user:
    List the available resources and templates, then read the example note.
-- request 2 (turn) --
05:custom_tool_call/exec:text(await tools.list_mcp_resources({"server":"resources"}));
    text(await tools.list_mcp_resource_templates({"server":"resources"}));
    text(await tools.read_mcp_resource({"server":"resources","uri":"memo://codex/example-note"}));
    text(["list_mcp_resources","list_mcp_resource_templates","read_mcp_resource"].map(name => ALL_TOOLS.find(tool => tool.name === name)));
06:custom_tool_call_output:{"server":"resources","resources":[{"server":"resources","uri":"memo://codex/example-note","name":"examp...ed for integration tests.","mimeType":"text/plain"}]} [hash=75d187638a7af2d4] | {"server":"resources","resourceTemplates":[{"server":"resources","uriTemplate":"memo://codex/{slug}","na... resources used in tests.","mimeType":"text/plain"}]} [hash=b1c7082eb114fc9b] | {"server":"resources","uri":"memo://codex/example-note","contents":[{"uri":"memo://codex/example-note","...mple MCP resource served by the rmcp test server."}]} [hash=45385fc57640b555] | [{"name":"list_mcp_resources","description":"Catalog instructions for list_mcp_resources.\\n\\nexec tool d...quired\\":[\\"server\\",\\"uri\\"],\\"type\\":\\"object\\"}"}] [hash=cd21586a6f51813b]
