---
source: core/tests/suite/scenarios.rs
expression: "context_snapshot::format_request_history_snapshot(\"A non-deferred connector is called through code mode while another connector stays deferred.\",\n&requests,\n&ContextSnapshotOptions::default().rewrite_known_segments().include_request_settings(),)"
---
Scenario: A non-deferred connector is called through code mode while another connector stays deferred.

## Window 1
Settings:
  include: ["reasoning.encrypted_content"]
  instructions: <MODEL_INSTRUCTIONS>
  model: "gpt-5.5"
  parallel_tool_calls: true
  prompt_cache_key: "<PROMPT_CACHE_KEY 1>"
  reasoning: {"effort":"medium"}
  store: false
  stream: true
  text: {"verbosity":"low"}
  tool_choice: "auto"
  tools (4; hash=ac163e9fdcfd08d8):
    - custom/exec: Run fresh restricted JavaScript to compose tools. Source only, no JSON or fences. No console, imp...; hash=652bfd0528bb3ebc
    - function/wait: Resume or terminate a yielded exec cell; args=[cell_id, max_tokens, terminate, yield_time_ms]; hash=ad29f2c1fa0aa8e9
    - function/request_user_input: Ask the user and wait for answers. Available only in Plan mode.; args=[questions]; hash=be451617efc003d1
    - web_search; hash=e214d4db1bc49e89
-- request 1 (turn) --
00:message/developer[2]:
    [01] <PERMISSIONS_INSTRUCTIONS>
    [02] <APPS_INSTRUCTIONS>
01:message/user:
    <ENVIRONMENT_CONTEXT>
02:message/user:
    Look up my calendar.
-- request 2 (turn) --
03:custom_tool_call/exec:text((await tools.mcp__codex_apps__calendar__lookup({})).content[0].text);
04:custom_tool_call_output:calendar-lookup-ok
