---
source: core/tests/suite/scenarios.rs
expression: "context_snapshot::format_request_history_snapshot(\"Catalog Code Mode instructions and wait parameter descriptions accompany a yielded cell through completion.\",\n&requests, &ContextSnapshotOptions::default().include_request_settings(),)"
---
Scenario: Catalog Code Mode instructions and wait parameter descriptions accompany a yielded cell through completion.

## Window 1
Settings:
  include: ["reasoning.encrypted_content"]
  instructions: Finish the requested work. Ask only when missing information changes what you should do.
    
    Follow applicable AGENTS.md instructions. Ancestor instructions already supplied need not be reread. Check for nested instructions where you work.
    
    Preserve unrelated uncommitted changes. Do not run destructive Git commands without explicit approval.
    
    Respect the active sandbox and approval policy. Do not bypass restrictions or repackage rejected commands.
    
  model: "gpt-6-astra"
  parallel_tool_calls: true
  prompt_cache_key: "<PROMPT_CACHE_KEY 1>"
  reasoning: {"effort":"low"}
  store: false
  stream: true
  text: {"verbosity":"low"}
  tool_choice: "auto"
  tools (7; hash=d7c04a3a8d380f21):
    - custom/exec: Catalog exec instructions. Default yield: 1234 ms. image(dataUrl | { image_url, detail? } | Image...; hash=d49e95b47d048d18
    - function/wait: Catalog wait instructions: resume the yielded cell.; args=[cell_id, max_tokens, terminate, yield_time_ms]; hash=67bc0f04da3505b3
    - function/request_user_input: Ask the user and wait for answers. Available only in Plan mode.; args=[questions]; hash=ed786867ce26e7c6
    - function/request_user_input_async: Ask the user one or more questions during ongoing work. Use this tool only to request missing inf...; args=[questions]; hash=d6d74f33db330162
    - namespace/clock: Tools for reading and waiting on time.; hash=f402e8c5e9b5e317
      - function/sleep
    - namespace/collaboration: Spawn and manage sub-agents; hash=6ac286b53d23d5dc
      - function/followup_task
      - function/interrupt_agent
      - function/list_agents
      - function/send_message
      - function/spawn_agent
      - function/wait_agent
    - web_search; hash=e214d4db1bc49e89
-- request 1 (turn) --
00:message/developer[2]:
    [01] <permissions instructions>
        `sandbox_mode`: `danger-full-access`. No filesystem sandbox. Network access: enabled.
        Approval policy: `never`. Do not set `sandbox_permissions`.
        </permissions instructions>
    [02] <collaboration_mode>Execute the request. This replaces prior collaboration-mode instructions. Only a developer `<collaboration_mode>` message changes mode.

        Use `request_user_input`, when available, only for optional questions that materially improve the work, ...xt question when required input blocks safe progress. [hash=6eb65f08c6f6a28e]
        </collaboration_mode>
01:message/developer:
    <multi_agent_role>You are `/root`. Own the result and coordinate delegated work. Agent messages arrive i...thout starting a turn. `followup_task` starts a turn. [hash=de31451d7dbc42b3]
    Call collaboration tools directly, not inside `functions.exec`. Agents share the filesystem and working ...ctory. Coordinate edits and preserve others' changes. [hash=65cb900ff14c98ef]
    Prefer waits of minutes with `wait_agent` to busy polling.

    At most 4 agents may be active, including you.

    Set `model` or `reasoning_effort` only when explicitly requested by the user, AGENTS.md, or skills. Over...its the parent's model and effort.</multi_agent_role> [hash=3aa079c4e0d6f001]
02:message/developer:
    <multi_agent_mode>This replaces proactive-delegation guidance. Spawn agents only when explicitly request...e AGENTS.md or skill instructions.</multi_agent_mode> [hash=72a2fd98b66d3a10]
03:message/user:
    <environment_context>
      <cwd><CWD></cwd>
      <shell><HOST_SHELL></shell>
      <current_date><CURRENT_DATE></current_date>
      <timezone><HOST_TIMEZONE></timezone>
      <filesystem><workspace_roots><root><CWD></root></workspace_roots><permission_profile type="disabled"><...e="unrestricted" /></permission_profile></filesystem> [hash=d40b2f45cb028888]
    </environment_context>
04:message/user:
    Start a code cell, yield its initial output, then wait for its completion.
-- request 2 (turn) --
05:custom_tool_call/exec:text('started'); yield_control(); text('finished');
06:custom_tool_call_output:Script running with cell ID 1
     | started
-- request 3 (turn) --
07:function_call/functions.wait:{"cell_id":"1"}
08:function_call_output:finished
