---
source: core/tests/suite/token_budget.rs
expression: snapshot
---
Scenario: New context window tool installs fresh full context before the next follow-up request.

## Window 1
-- request 1 (turn; Final Follow-Up Request) --
00:message/developer[2]:
    [01] Skills: List once at session start; read always-applicable and task-relevant skills before work
    [02] <PERMISSIONS_INSTRUCTIONS>
01:message/developer:
    <context_window>
    Agent name: /root
    First context window id: <UUID 1>
    Current context window id: <UUID 2>
    Previous context window id: <UUID 1>
    </context_window>
02:message/developer:
    Role: `/root`. Own the result and coordinate delegated work. Agent messages in analysis. `send_message`:... active agent, no new turn. `followup_task`: new turn [hash=ae93e86fb65ebd6a]
    Collaboration tools: direct calls, not inside `functions.exec`. Shared filesystem and working directory. Coordinated edits. Others' changes preserved
    Active-agent limit, including you: 4

    `model` or `reasoning_effort`: only when explicitly requested by the user, AGENTS.md, or skills. Overrid...Omitted or `"all"`: parent model and effort inherited [hash=d4c4ef044a7cfe99]
03:message/developer:
    <MULTI_AGENT_MODE>
04:message/user:
    <ENVIRONMENT_CONTEXT>
05:function_call/update_plan:{"plan":[{"status":"in_progress","step":"Continue in the new context window"}]}
06:function_call_output:Plan updated
